Godot Engine v4.7.2.stable.official.ed1daf0bf - https://godotengine.org

ERROR: Failed to read the root certificate store.
   at: get_system_ca_certificates (platform/windows/os_windows.cpp:2582)
[   0% ] [90m[1mfirst_scan_filesystem[22m | Started Inicialização do Projeto (5 steps)[39m[0m
[   0% ] [90m[1mfirst_scan_filesystem[22m | Escaneando estrutura de arquivos...[39m[0m
[  16% ] [90m[1mfirst_scan_filesystem[22m | Carregando nomes de classe globais...[39m[0m
[  33% ] [90m[1mfirst_scan_filesystem[22m | Verificando GDExtensions...[39m[0m
[  50% ] [90m[1mfirst_scan_filesystem[22m | Criando scripts autoload...[39m[0m
[  66% ] [90m[1mfirst_scan_filesystem[22m | Inicializando plugins...[39m[0m
[  83% ] [90m[1mfirst_scan_filesystem[22m | Iniciando escaneamento de arquivos...[39m[0m
[92m[ DONE ][39m [1mfirst_scan_filesystem[22m
[0m
[   0% ] [90m[1mupdate_scripts_classes[22m | Started Registrando classes globais... (4 steps)[39m[0m
[   0% ] [90m[1mupdate_scripts_classes[22m | [39m[0m
[  20% ] [90m[1mupdate_scripts_classes[22m | [39m[0m
[  40% ] [90m[1mupdate_scripts_classes[22m | [39m[0m
[  60% ] [90m[1mupdate_scripts_classes[22m | [39m[0m
[92m[ DONE ][39m [1mupdate_scripts_classes[22m
[0m
[   0% ] [90m[1mloading_editor_layout[22m | Started Carregando editor (5 steps)[39m[0m
[   0% ] [90m[1mloading_editor_layout[22m | Carregando layout do editor...[39m[0m
[  16% ] [90m[1mloading_editor_layout[22m | Carregando abas...[39m[0m
[92m[ DONE ][39m [1mloading_editor_layout[22m
[0m
