Godot Engine v4.7.2.stable.official.ed1daf0bf - https://godotengine.org

ERROR: Failed to read the root certificate store.
   at: get_system_ca_certificates (platform/windows/os_windows.cpp:2582)
WalkTrace: ticks=90 eventos={ "start": 1 } breakpoints=0
WalkTrace: ticks=90 eventos={ "start": 1 } breakpoints=0
WalkTrace: ticks=90 eventos={ "start": 1 } breakpoints=0
WalkTrace: ticks=90 eventos={ "start": 1 } breakpoints=0
WalkTrace: ticks=90 eventos={ "start": 1 } breakpoints=0
WalkTrace: ticks=90 eventos={ "start": 1 } breakpoints=0
WalkTrace: ticks=90 eventos={ "start": 1 } breakpoints=0
WalkTrace: ticks=90 eventos={ "start": 1 } breakpoints=0
WalkTrace: ticks=40 eventos={ "start": 2, "idle_drop": 1 } breakpoints=1
WalkTrace: ticks=40 eventos={ "start": 1 } breakpoints=0
WalkTrace: ticks=40 eventos={ "start": 1, "switch": 39 } breakpoints=37
WalkTrace: ticks=40 eventos={ "start": 1 } breakpoints=0
WalkTrace: ticks=40 eventos={ "start": 1 } breakpoints=0
testes: 0 falha(s)
ERROR: 7 RID allocations of type 'PN13RendererDummy14TextureStorage12DummyTextureE' were leaked at exit.
WARNING: 7 RIDs of type "CanvasItem" were leaked.
   at: _free_rids (servers/rendering/renderer_canvas_cull.cpp:2735)
ERROR: 1 RID allocations of type 'PN18TextServerAdvanced12FontAdvancedE' were leaked at exit.
WARNING: 79 ObjectDB instances were leaked at exit (run with `--verbose` for details).
   at: cleanup (core/object/object.cpp:2536)
ERROR: 7 resources still in use at exit (run with --verbose for details).
   at: clear (core/io/resource.cpp:822)
