Godot Engine v4.7.2.stable.official.ed1daf0bf - https://godotengine.org

menu start standard_habilitado: PASS
menu start visivel_1280x720: PASS
menu start visivel_1600x900: PASS
menu start visivel_1920x1080: PASS
menu start visivel_1024x768: PASS
menu start visivel_1280x600: PASS
menu start visivel_960x540: PASS
menu start conteudo_excedente_nao_oculta_jogar: PASS
menu start jogar_oculto_outras_abas: PASS
menu start icone_a: PASS
menu start standard_alcancavel_direcional: PASS
menu start standard_inicia_tentativa: PASS
menu start legacy_habilitado: PASS
menu start icone_b_legado: PASS
menu start legacy_alcancavel_direcional: PASS
menu start legacy_inicia_tentativa: PASS
menu start mouse_habilitado: PASS
menu start mouse_inicia_tentativa: PASS
menu start touch_habilitado: PASS
menu start touch_inicia_tentativa: PASS
menu start perfil_real_preservado: PASS
menu start: 21 verificacoes; 0 falha(s)
