Godot Engine v4.7.2.stable.official.ed1daf0bf - https://godotengine.org
ERROR: Can't create shader cache folder, no shader caching will happen: user://
   at: RasterizerGLES3 (drivers/gles3/rasterizer_gles3.cpp:345)
OpenGL API 3.3.0 NVIDIA 616.92 - Compatibility - Using Device: NVIDIA - NVIDIA GeForce GTX 1650

controller titulo_ao_quartel: PASS
controller quartel_aba_proxima: PASS
controller quartel_aba_anterior: PASS
controller guia_volta_ao_foco: PASS
controller hq_avanca: PASS
controller hq_volta: PASS
controller direcional_heroi_para_fase: PASS
controller direcional_fase_para_jogar: PASS
controller quartel_inicia_run: PASS
controller ficha_por_view: PASS
controller xbox_aba_detalhes_0: PASS
controller xbox_aba_detalhes_1: PASS
controller xbox_aba_detalhes_2: PASS
controller xbox_aba_detalhes_3: PASS
controller xbox_aba_anterior: PASS
controller xbox_abas_sem_habilidade: PASS
controller ps4_aba_detalhes_0: PASS
controller ps4_aba_detalhes_1: PASS
controller ps4_aba_detalhes_2: PASS
controller ps4_aba_detalhes_3: PASS
controller ps4_aba_anterior: PASS
controller ps4_abas_sem_habilidade: PASS
controller ps5_aba_detalhes_0: PASS
controller ps5_aba_detalhes_1: PASS
controller ps5_aba_detalhes_2: PASS
controller ps5_aba_detalhes_3: PASS
controller ps5_aba_anterior: PASS
controller ps5_abas_sem_habilidade: PASS
controller generic_aba_detalhes_0: PASS
controller generic_aba_detalhes_1: PASS
controller generic_aba_detalhes_2: PASS
controller generic_aba_detalhes_3: PASS
controller generic_aba_anterior: PASS
controller generic_abas_sem_habilidade: PASS
controller prompts_r1_l1: PASS
controller ficha_volta_com_circulo: PASS
controller pausa_options: PASS
controller ficha_pela_pausa: PASS
controller ficha_retorna_pausa: PASS
controller opcoes_volta_a_pausa: PASS
controller pausa_volta_sem_abandonar: PASS
controller direcional_nao_muda_velocidade: PASS
controller triangulo_muda_mira_sem_extrair: PASS
controller extracao_exige_confirmacao: PASS
controller cancelar_extracao_preserva_run: PASS
controller desconexao_pausa: PASS
controller segundo_controle_nao_retoma: PASS
controller reconexao_nao_retoma: PASS
controller detalhes_alternaveis: PASS
controller detalhes_fecham_sem_manter: PASS
controller ficha_sobre_oferta: PASS
controller abas_sobre_oferta_sem_rerrolar: PASS
controller ficha_retorna_oferta: PASS
controller desconexao_na_oferta: PASS
controller reconexao_preserva_oferta: PASS
controller legado_sul_volta: PASS
controller habilidade_durvall_recarga: PASS
controller habilidade_brook_recarga: PASS
controller habilidade_maelor_recarga: PASS
controller habilidade_sylas_recarga: PASS
controller habilidade_kayron_recarga: PASS
controller habilidade_korrak_recarga: PASS
controller habilidade_leoric_recarga: PASS
controller habilidade_nyrelia_recarga: PASS
controller habilidade_zynara_recarga: PASS
controller habilidade_bromnor_recarga: PASS
controller confirmar_mantido_nao_aceita_oferta: PASS
controller rerrolar_por_lb: PASS
controller melhoria_confirma_uma_vez: PASS
controller bencao_por_controle: PASS
controller recusa_bencao_exige_confirmacao: PASS
controller cancelar_recusa_preserva_bencao: PASS
controller recusa_confirmada: PASS
controller sair_loja_por_controle: PASS
controller sair_ferreiro_por_controle: PASS
controller sair_curandeiro_por_controle: PASS
controller sair_doacao_por_controle: PASS
controller sair_aposta_por_controle: PASS
controller equipar_vender_0: PASS
controller equipar_vender_1: PASS
controller reviver_por_controle: PASS
controller preferencias_persistem_reload: PASS
controller zona_morta_navegacao: PASS
controller restaurar_defaults: PASS
controller perda_foco_bloqueia: PASS
controller foco_nao_retoma_sozinho: PASS
controller repouso de 60 segundos iniciado
controller repouso_60s_sem_troca: PASS
controller extracao_ao_resultado: PASS
controller resultado_nova_tentativa: PASS
controller save_real_preservado: PASS
controller integration: 90 verificacoes; 0 falha(s)
