Godot Engine v4.7.2.stable.official.ed1daf0bf - https://godotengine.org
OpenGL API 3.3.0 NVIDIA 616.92 - Compatibility - Using Device: NVIDIA - NVIDIA GeForce GTX 1650

Perfil de teste: res://.atena/generated/mobile-controls/v02/buttons-profile.json
Antes do toque: viewport=[P: (0.0, 0.0), S: (1280.0, 720.0)] enabled=true paused=false state=running
Depois do toque: dedo=1 movimento=(1.0, 0.0)
Layout: janela=(1600, 720) viewport=(1600.0, 720.0)
Layout: janela=(1280, 960) viewport=(1280.0, 960.0)
botao/caso titulo_entrar_quartel: PASS
botao/caso quartel_aba_0: PASS
botao/caso quartel_aba_1: PASS
botao/caso quartel_aba_2: PASS
botao/caso quartel_aba_3: PASS
botao/caso quartel_aba_4: PASS
botao/caso quartel_aba_5: PASS
botao/caso selecionar_heroi: PASS
botao/caso selecionar_fase: PASS
botao/caso entrada_unica_CodexCat: PASS
botao/caso abrir_categoria_codex: PASS
botao/caso escolher_categoria_codex: PASS
botao/caso categoria_codex_conteudo: PASS
botao/caso selecionar_entrada_codex: PASS
botao/caso detalhe_codex: PASS
botao/caso opcao_volume: PASS
botao/caso opcao_music_volume: PASS
botao/caso opcao_sfx_volume: PASS
botao/caso opcao_ambience_volume: PASS
botao/caso entrada_unica_DiffOpt: PASS
botao/caso abrir_dificuldade: PASS
botao/caso escolher_dificuldade: PASS
botao/caso dificuldade_salva: PASS
botao/caso entrada_unica_MusicMuteOpt: PASS
botao/caso opcao_music_muted: PASS
botao/caso entrada_unica_SfxMuteOpt: PASS
botao/caso opcao_sfx_muted: PASS
botao/caso entrada_unica_AmbienceMuteOpt: PASS
botao/caso opcao_ambience_muted: PASS
botao/caso entrada_unica_ReducedImpactOpt: PASS
botao/caso opcao_reduced_impact: PASS
botao/caso entrada_unica_BarksOpt: PASS
botao/caso opcao_barks: PASS
botao/caso entrada_unica_GuideBtn: PASS
botao/caso guia_quartel: PASS
botao/caso entrada_unica_@Button@60: PASS
botao/caso fechar_guia_quartel: PASS
botao/caso entrada_unica_AimOpt: PASS
botao/caso opcao_desktop_desativada_AimOpt: PASS
botao/caso entrada_unica_DisplayModeOpt: PASS
botao/caso opcao_desktop_desativada_DisplayModeOpt: PASS
botao/caso entrada_unica_ResolutionOpt: PASS
botao/caso opcao_desktop_desativada_ResolutionOpt: PASS
botao/caso entrada_unica_ResetBtn: PASS
botao/caso reset_pede_segundo_toque: PASS
botao/caso entrada_unica_ResetBtn: PASS
botao/caso reset_perfil_descartavel: PASS
botao/caso entrada_unica_@Button@1358: PASS
botao/caso comprar_melhoria_quartel: PASS
botao/caso selecionar_lista_hq: PASS
botao/caso entrada_unica_HqPlayBtn: PASS
botao/caso abrir_hq_diario: PASS
botao/caso entrada_unica_@Button@1545: PASS
botao/caso hq_proximo: PASS
botao/caso entrada_unica_@Button@1546: PASS
botao/caso hq_fechar: PASS
botao/caso entrada_unica_PlayBtn: PASS
botao/caso quartel_jogar: PASS
botao/caso joystick_lado_180.0: PASS
botao/caso habilidade_com_joystick_180.0: PASS
botao/caso cancelamento_joystick_180.0: PASS
botao/caso joystick_lado_1000.0: PASS
botao/caso habilidade_com_joystick_1000.0: PASS
botao/caso cancelamento_joystick_1000.0: PASS
botao/caso habilidade_bloqueada_na_recarga: PASS
botao/caso velocidade_1_5x: PASS
botao/caso velocidade_2x: PASS
botao/caso velocidade_1x: PASS
botao/caso ajuda_combate: PASS
botao/caso entrada_unica_@Button@60: PASS
botao/caso fechar_ajuda_combate: PASS
botao/caso abrir_ficha: PASS
botao/caso entrada_unica_@Button@1619: PASS
botao/caso ficha_aba_0: PASS
botao/caso entrada_unica_@Button@1620: PASS
botao/caso ficha_aba_1: PASS
botao/caso entrada_unica_@Button@1621: PASS
botao/caso ficha_aba_2: PASS
botao/caso entrada_unica_@Button@1622: PASS
botao/caso ficha_aba_3: PASS
botao/caso entrada_unica_@Button@1607: PASS
botao/caso ficha_detalhe_ CA 13  ·  9% esquiva: PASS
botao/caso entrada_unica_@Button@1608: PASS
botao/caso ficha_detalhe_ CAM 9  ·  0% esquiva: PASS
botao/caso entrada_unica_@Button@1593: PASS
botao/caso fechar_ficha: PASS
botao/caso pausa: PASS
botao/caso entrada_unica_PauseHelpBtn: PASS
botao/caso ajuda_pausa: PASS
botao/caso entrada_unica_@Button@60: PASS
botao/caso volume_pausa: PASS
botao/caso entrada_unica_ResumeBtn: PASS
botao/caso continuar: PASS
botao/caso entrada_unica_RerollBtn: PASS
botao/caso rerrolar: PASS
botao/caso entrada_unica_@Button@1820: PASS
botao/caso melhoria_seleciona: PASS
botao/caso entrada_unica_@Button@1636: PASS
botao/caso confirmar_melhoria: PASS
botao/caso entrada_unica_@Button@1892: PASS
botao/caso recusar_bencao_seleciona: PASS
botao/caso entrada_unica_@Button@1636: PASS
botao/caso recusar_bencao: PASS
botao/caso entrada_unica_@Button@1904: PASS
botao/caso bencao_seleciona: PASS
botao/caso entrada_unica_@Button@1636: PASS
botao/caso confirmar_bencao: PASS
botao/caso interagir_loja: PASS
botao/caso entrada_unica_@Button@2020: PASS
botao/caso comprar_loja_seleciona: PASS
botao/caso entrada_unica_@Button@1636: PASS
botao/caso comprar_loja: PASS
botao/caso entrada_unica_@Button@2136: PASS
botao/caso sair_loja_seleciona: PASS
botao/caso entrada_unica_@Button@1636: PASS
botao/caso sair_loja: PASS
botao/caso entrada_unica_@Button@2148: PASS
botao/caso equipar_vender_0_seleciona: PASS
botao/caso entrada_unica_@Button@1636: PASS
botao/caso equipar_vender_0: PASS
botao/caso entrada_unica_@Button@2222: PASS
botao/caso equipar_vender_1_seleciona: PASS
botao/caso entrada_unica_@Button@1636: PASS
botao/caso equipar_vender_1: PASS
botao/caso entrada_unica_QuitBtn: PASS
botao/caso abandonar_pede_confirmacao: PASS
botao/caso entrada_unica_@Button@1643: PASS
botao/caso cancelar_abandono: PASS
botao/caso entrada_unica_QuitBtn: PASS
botao/caso entrada_unica_@Button@1641: PASS
botao/caso confirmar_abandono: PASS
botao/caso entrada_unica_ReviveBtn: PASS
botao/caso reviver: PASS
botao/caso entrada_unica_DeclineReviveBtn: PASS
botao/caso recusar_reviver: PASS
botao/caso entrada_unica_@Button@1643: PASS
botao/caso cancelar_extracao_por_botao: PASS
botao/caso entrada_unica_@Button@1641: PASS
botao/caso confirmar_extracao: PASS
botao/caso entrada_unica_AgainBtn: PASS
botao/caso resultado_jogar_novamente: PASS
botao/caso entrada_unica_MenuBtn: PASS
botao/caso resultado_quartel: PASS
botao/caso save_real_preservado: PASS
mobile buttons: 144 verificacoes; 0 falha(s)
