Godot Engine v4.7.2.stable.official.ed1daf0bf - https://godotengine.org

menu start standard_habilitado: PASS
menu start visivel_1280x720: PASS
menu start visivel_1600x900: PASS
menu start visivel_1920x1080: PASS
menu start visivel_1024x768: PASS
menu start visivel_1280x600: PASS
menu start visivel_960x540: PASS
menu start conteudo_excedente_nao_oculta_jogar: PASS
menu start jogar_oculto_outras_abas: PASS
menu start standard_alcancavel_direcional: PASS
menu start standard_icone_confirmacao: PASS
menu start mapa_bloqueado_nao_encaminha: PASS
menu start standard_confirmar_mapa_foca_jogar: PASS
menu start standard_confirmar_mantido_nao_inicia: PASS
menu start standard_inicia_tentativa: PASS
menu start ps4_habilitado: PASS
menu start ps4_alcancavel_direcional: PASS
menu start ps4_icone_confirmacao: PASS
menu start ps4_confirmar_mapa_foca_jogar: PASS
menu start ps4_confirmar_mantido_nao_inicia: PASS
menu start ps4_inicia_tentativa: PASS
menu start ps5_habilitado: PASS
menu start ps5_alcancavel_direcional: PASS
menu start ps5_icone_confirmacao: PASS
menu start ps5_confirmar_mapa_foca_jogar: PASS
menu start ps5_confirmar_mantido_nao_inicia: PASS
menu start ps5_inicia_tentativa: PASS
menu start legacy_habilitado: PASS
menu start legacy_alcancavel_direcional: PASS
menu start legacy_icone_confirmacao: PASS
menu start legacy_confirmar_mapa_foca_jogar: PASS
menu start legacy_confirmar_mantido_nao_inicia: PASS
menu start legacy_inicia_tentativa: PASS
menu start mouse_habilitado: PASS
menu start mouse_inicia_tentativa: PASS
menu start touch_habilitado: PASS
menu start touch_inicia_tentativa: PASS
menu start perfil_real_preservado: PASS
menu start: 38 verificacoes; 0 falha(s)
